// Jest Snapshot v1, https://goo.gl/fbAQLP

exports[`fail because of missing commit 1`] = `"Please add a commit in your arguments (e.g. --commit f9xa5a7)"`;

exports[`fail because of missing secret 1`] = `"Please define an environment variable called \\"BOJAGI_SECRET\\" that holds the repository secret"`;
