// Jest Snapshot v1, https://goo.gl/fbAQLP

exports[`run bundle command 1`] = `
"{
 \\"version\\": \\"3\\",
 \\"namespaces\\": [
  {
   \\"name\\": \\"default\\",
   \\"framework\\": {
    \\"name\\": \\"react\\",
    \\"version\\": \\"16.12.0\\"
   }
  }
 ]
}"
`;

exports[`run bundle command 2`] = `
"[
 {
  \\"name\\": \\"vendors.js\\",
  \\"namespace\\": \\"default\\",
  \\"outputFilePath\\": \\"files/vendors.js\\"
 },
 {
  \\"name\\": \\"Button.stories.js\\",
  \\"namespace\\": \\"default\\",
  \\"outputFilePath\\": \\"files/Button.stories.js\\"
 },
 {
  \\"name\\": \\"Header.stories.js\\",
  \\"namespace\\": \\"default\\",
  \\"outputFilePath\\": \\"files/Header.stories.js\\"
 },
 {
  \\"name\\": \\"Page.stories.js\\",
  \\"namespace\\": \\"default\\",
  \\"outputFilePath\\": \\"files/Page.stories.js\\"
 },
 {
  \\"name\\": \\"runtime~Button.stories.js\\",
  \\"namespace\\": \\"default\\",
  \\"outputFilePath\\": \\"files/runtime~Button.stories.js\\"
 },
 {
  \\"name\\": \\"runtime~Header.stories.js\\",
  \\"namespace\\": \\"default\\",
  \\"outputFilePath\\": \\"files/runtime~Header.stories.js\\"
 },
 {
  \\"name\\": \\"runtime~Page.stories.js\\",
  \\"namespace\\": \\"default\\",
  \\"outputFilePath\\": \\"files/runtime~Page.stories.js\\"
 },
 {
  \\"name\\": \\"vendors.js.LICENSE.txt\\",
  \\"namespace\\": \\"default\\",
  \\"outputFilePath\\": \\"files/vendors.js.LICENSE.txt\\"
 },
 {
  \\"name\\": \\"vendors.js.map\\",
  \\"namespace\\": \\"default\\",
  \\"outputFilePath\\": \\"files/vendors.js.map\\"
 },
 {
  \\"name\\": \\"Button.stories.js.map\\",
  \\"namespace\\": \\"default\\",
  \\"outputFilePath\\": \\"files/Button.stories.js.map\\"
 },
 {
  \\"name\\": \\"Header.stories.js.map\\",
  \\"namespace\\": \\"default\\",
  \\"outputFilePath\\": \\"files/Header.stories.js.map\\"
 },
 {
  \\"name\\": \\"Page.stories.js.map\\",
  \\"namespace\\": \\"default\\",
  \\"outputFilePath\\": \\"files/Page.stories.js.map\\"
 },
 {
  \\"name\\": \\"runtime~Button.stories.js.map\\",
  \\"namespace\\": \\"default\\",
  \\"outputFilePath\\": \\"files/runtime~Button.stories.js.map\\"
 },
 {
  \\"name\\": \\"runtime~Header.stories.js.map\\",
  \\"namespace\\": \\"default\\",
  \\"outputFilePath\\": \\"files/runtime~Header.stories.js.map\\"
 },
 {
  \\"name\\": \\"runtime~Page.stories.js.map\\",
  \\"namespace\\": \\"default\\",
  \\"outputFilePath\\": \\"files/runtime~Page.stories.js.map\\"
 },
 {
  \\"name\\": \\"iframe.html\\",
  \\"namespace\\": \\"default\\",
  \\"outputFilePath\\": \\"files/iframe.html\\"
 },
 {
  \\"name\\": \\"head.html\\",
  \\"namespace\\": \\"default\\",
  \\"outputFilePath\\": \\"files/head.html\\"
 }
]"
`;

exports[`run bundle command 3`] = `
"[
 {
  \\"title\\": \\"Example/Button\\",
  \\"fileName\\": \\"Button.stories\\",
  \\"storyItems\\": [
   {
    \\"exportName\\": \\"Primary\\",
    \\"storyName\\": \\"Primary\\"
   },
   {
    \\"exportName\\": \\"Secondary\\",
    \\"storyName\\": \\"Secondary\\"
   },
   {
    \\"exportName\\": \\"Large\\",
    \\"storyName\\": \\"Large\\"
   },
   {
    \\"exportName\\": \\"Small\\",
    \\"storyName\\": \\"Small\\"
   }
  ],
  \\"dependencies\\": [
   {
    \\"isExternal\\": true,
    \\"isNodeModule\\": false,
    \\"packageName\\": \\"react\\",
    \\"request\\": \\"react\\",
    \\"isCircularImport\\": false
   },
   {
    \\"filePath\\": \\"src/Button.js\\",
    \\"gitPath\\": \\"packages/integration-tests-storybook/src/Button.js\\",
    \\"isExternal\\": false,
    \\"isNodeModule\\": false,
    \\"request\\": \\"./Button\\",
    \\"isCircularImport\\": false,
    \\"dependencies\\": [
     {
      \\"isExternal\\": true,
      \\"isNodeModule\\": false,
      \\"packageName\\": \\"react\\",
      \\"request\\": \\"react\\",
      \\"isCircularImport\\": false
     },
     {
      \\"filePath\\": \\"src/button.css\\",
      \\"gitPath\\": \\"packages/integration-tests-storybook/src/button.css\\",
      \\"isExternal\\": false,
      \\"isNodeModule\\": false,
      \\"request\\": \\"./button.css\\",
      \\"isCircularImport\\": false,
      \\"dependencies\\": [
       {
        \\"filePath\\": \\"src/button.css\\",
        \\"gitPath\\": \\"packages/integration-tests-storybook/src/button.css\\",
        \\"isExternal\\": false,
        \\"isNodeModule\\": false,
        \\"request\\": \\"./button.css\\",
        \\"isCircularImport\\": true
       }
      ]
     }
    ]
   }
  ],
  \\"gitPath\\": \\"packages/integration-tests-storybook/src/Button.stories.js\\",
  \\"name\\": \\"Button.stories\\",
  \\"namespace\\": \\"default\\",
  \\"filePath\\": \\"src/Button.stories.js\\",
  \\"files\\": [
   \\"runtime~Button.stories.js\\",
   \\"runtime~Button.stories.js.map\\",
   \\"vendors.js\\",
   \\"vendors.js.map\\",
   \\"Button.stories.js\\",
   \\"Button.stories.js.map\\"
  ]
 },
 {
  \\"title\\": \\"Example/Header\\",
  \\"fileName\\": \\"Header.stories\\",
  \\"storyItems\\": [
   {
    \\"exportName\\": \\"LoggedIn\\",
    \\"storyName\\": \\"Logged In\\"
   },
   {
    \\"exportName\\": \\"LoggedOut\\",
    \\"storyName\\": \\"Logged Out\\"
   }
  ],
  \\"dependencies\\": [
   {
    \\"isExternal\\": true,
    \\"isNodeModule\\": false,
    \\"packageName\\": \\"react\\",
    \\"request\\": \\"react\\",
    \\"isCircularImport\\": false
   },
   {
    \\"filePath\\": \\"src/Header.js\\",
    \\"gitPath\\": \\"packages/integration-tests-storybook/src/Header.js\\",
    \\"isExternal\\": false,
    \\"isNodeModule\\": false,
    \\"request\\": \\"./Header\\",
    \\"isCircularImport\\": false,
    \\"dependencies\\": [
     {
      \\"isExternal\\": true,
      \\"isNodeModule\\": false,
      \\"packageName\\": \\"react\\",
      \\"request\\": \\"react\\",
      \\"isCircularImport\\": false
     },
     {
      \\"filePath\\": \\"src/Button.js\\",
      \\"gitPath\\": \\"packages/integration-tests-storybook/src/Button.js\\",
      \\"isExternal\\": false,
      \\"isNodeModule\\": false,
      \\"request\\": \\"./Button\\",
      \\"isCircularImport\\": false,
      \\"dependencies\\": [
       {
        \\"isExternal\\": true,
        \\"isNodeModule\\": false,
        \\"packageName\\": \\"react\\",
        \\"request\\": \\"react\\",
        \\"isCircularImport\\": false
       },
       {
        \\"filePath\\": \\"src/button.css\\",
        \\"gitPath\\": \\"packages/integration-tests-storybook/src/button.css\\",
        \\"isExternal\\": false,
        \\"isNodeModule\\": false,
        \\"request\\": \\"./button.css\\",
        \\"isCircularImport\\": false,
        \\"dependencies\\": [
         {
          \\"filePath\\": \\"src/button.css\\",
          \\"gitPath\\": \\"packages/integration-tests-storybook/src/button.css\\",
          \\"isExternal\\": false,
          \\"isNodeModule\\": false,
          \\"request\\": \\"./button.css\\",
          \\"isCircularImport\\": true
         }
        ]
       }
      ]
     },
     {
      \\"filePath\\": \\"src/header.css\\",
      \\"gitPath\\": \\"packages/integration-tests-storybook/src/header.css\\",
      \\"isExternal\\": false,
      \\"isNodeModule\\": false,
      \\"request\\": \\"./header.css\\",
      \\"isCircularImport\\": false,
      \\"dependencies\\": [
       {
        \\"filePath\\": \\"src/header.css\\",
        \\"gitPath\\": \\"packages/integration-tests-storybook/src/header.css\\",
        \\"isExternal\\": false,
        \\"isNodeModule\\": false,
        \\"request\\": \\"./header.css\\",
        \\"isCircularImport\\": true
       }
      ]
     }
    ]
   }
  ],
  \\"gitPath\\": \\"packages/integration-tests-storybook/src/Header.stories.js\\",
  \\"name\\": \\"Header.stories\\",
  \\"namespace\\": \\"default\\",
  \\"filePath\\": \\"src/Header.stories.js\\",
  \\"files\\": [
   \\"runtime~Header.stories.js\\",
   \\"runtime~Header.stories.js.map\\",
   \\"vendors.js\\",
   \\"vendors.js.map\\",
   \\"Header.stories.js\\",
   \\"Header.stories.js.map\\"
  ]
 },
 {
  \\"title\\": \\"Example/Page\\",
  \\"fileName\\": \\"Page.stories\\",
  \\"storyItems\\": [
   {
    \\"exportName\\": \\"LoggedIn\\",
    \\"storyName\\": \\"Logged In\\"
   },
   {
    \\"exportName\\": \\"LoggedOut\\",
    \\"storyName\\": \\"Logged Out\\"
   }
  ],
  \\"dependencies\\": [
   {
    \\"isExternal\\": true,
    \\"isNodeModule\\": false,
    \\"packageName\\": \\"react\\",
    \\"request\\": \\"react\\",
    \\"isCircularImport\\": false
   },
   {
    \\"filePath\\": \\"src/Page.js\\",
    \\"gitPath\\": \\"packages/integration-tests-storybook/src/Page.js\\",
    \\"isExternal\\": false,
    \\"isNodeModule\\": false,
    \\"request\\": \\"./Page\\",
    \\"isCircularImport\\": false,
    \\"dependencies\\": [
     {
      \\"isExternal\\": true,
      \\"isNodeModule\\": false,
      \\"packageName\\": \\"react\\",
      \\"request\\": \\"react\\",
      \\"isCircularImport\\": false
     },
     {
      \\"filePath\\": \\"src/Header.js\\",
      \\"gitPath\\": \\"packages/integration-tests-storybook/src/Header.js\\",
      \\"isExternal\\": false,
      \\"isNodeModule\\": false,
      \\"request\\": \\"./Header\\",
      \\"isCircularImport\\": false,
      \\"dependencies\\": [
       {
        \\"isExternal\\": true,
        \\"isNodeModule\\": false,
        \\"packageName\\": \\"react\\",
        \\"request\\": \\"react\\",
        \\"isCircularImport\\": false
       },
       {
        \\"filePath\\": \\"src/Button.js\\",
        \\"gitPath\\": \\"packages/integration-tests-storybook/src/Button.js\\",
        \\"isExternal\\": false,
        \\"isNodeModule\\": false,
        \\"request\\": \\"./Button\\",
        \\"isCircularImport\\": false,
        \\"dependencies\\": [
         {
          \\"isExternal\\": true,
          \\"isNodeModule\\": false,
          \\"packageName\\": \\"react\\",
          \\"request\\": \\"react\\",
          \\"isCircularImport\\": false
         },
         {
          \\"filePath\\": \\"src/button.css\\",
          \\"gitPath\\": \\"packages/integration-tests-storybook/src/button.css\\",
          \\"isExternal\\": false,
          \\"isNodeModule\\": false,
          \\"request\\": \\"./button.css\\",
          \\"isCircularImport\\": false,
          \\"dependencies\\": [
           {
            \\"filePath\\": \\"src/button.css\\",
            \\"gitPath\\": \\"packages/integration-tests-storybook/src/button.css\\",
            \\"isExternal\\": false,
            \\"isNodeModule\\": false,
            \\"request\\": \\"./button.css\\",
            \\"isCircularImport\\": true
           }
          ]
         }
        ]
       },
       {
        \\"filePath\\": \\"src/header.css\\",
        \\"gitPath\\": \\"packages/integration-tests-storybook/src/header.css\\",
        \\"isExternal\\": false,
        \\"isNodeModule\\": false,
        \\"request\\": \\"./header.css\\",
        \\"isCircularImport\\": false,
        \\"dependencies\\": [
         {
          \\"filePath\\": \\"src/header.css\\",
          \\"gitPath\\": \\"packages/integration-tests-storybook/src/header.css\\",
          \\"isExternal\\": false,
          \\"isNodeModule\\": false,
          \\"request\\": \\"./header.css\\",
          \\"isCircularImport\\": true
         }
        ]
       }
      ]
     },
     {
      \\"filePath\\": \\"src/page.css\\",
      \\"gitPath\\": \\"packages/integration-tests-storybook/src/page.css\\",
      \\"isExternal\\": false,
      \\"isNodeModule\\": false,
      \\"request\\": \\"./page.css\\",
      \\"isCircularImport\\": false,
      \\"dependencies\\": [
       {
        \\"filePath\\": \\"src/page.css\\",
        \\"gitPath\\": \\"packages/integration-tests-storybook/src/page.css\\",
        \\"isExternal\\": false,
        \\"isNodeModule\\": false,
        \\"request\\": \\"./page.css\\",
        \\"isCircularImport\\": true
       }
      ]
     }
    ]
   },
   {
    \\"filePath\\": \\"src/Header.stories.js\\",
    \\"gitPath\\": \\"packages/integration-tests-storybook/src/Header.stories.js\\",
    \\"isExternal\\": false,
    \\"isNodeModule\\": false,
    \\"request\\": \\"./Header.stories\\",
    \\"isCircularImport\\": false,
    \\"dependencies\\": [
     {
      \\"isExternal\\": true,
      \\"isNodeModule\\": false,
      \\"packageName\\": \\"react\\",
      \\"request\\": \\"react\\",
      \\"isCircularImport\\": false
     },
     {
      \\"filePath\\": \\"src/Header.js\\",
      \\"gitPath\\": \\"packages/integration-tests-storybook/src/Header.js\\",
      \\"isExternal\\": false,
      \\"isNodeModule\\": false,
      \\"request\\": \\"./Header\\",
      \\"isCircularImport\\": false,
      \\"dependencies\\": [
       {
        \\"isExternal\\": true,
        \\"isNodeModule\\": false,
        \\"packageName\\": \\"react\\",
        \\"request\\": \\"react\\",
        \\"isCircularImport\\": false
       },
       {
        \\"filePath\\": \\"src/Button.js\\",
        \\"gitPath\\": \\"packages/integration-tests-storybook/src/Button.js\\",
        \\"isExternal\\": false,
        \\"isNodeModule\\": false,
        \\"request\\": \\"./Button\\",
        \\"isCircularImport\\": false,
        \\"dependencies\\": [
         {
          \\"isExternal\\": true,
          \\"isNodeModule\\": false,
          \\"packageName\\": \\"react\\",
          \\"request\\": \\"react\\",
          \\"isCircularImport\\": false
         },
         {
          \\"filePath\\": \\"src/button.css\\",
          \\"gitPath\\": \\"packages/integration-tests-storybook/src/button.css\\",
          \\"isExternal\\": false,
          \\"isNodeModule\\": false,
          \\"request\\": \\"./button.css\\",
          \\"isCircularImport\\": false,
          \\"dependencies\\": [
           {
            \\"filePath\\": \\"src/button.css\\",
            \\"gitPath\\": \\"packages/integration-tests-storybook/src/button.css\\",
            \\"isExternal\\": false,
            \\"isNodeModule\\": false,
            \\"request\\": \\"./button.css\\",
            \\"isCircularImport\\": true
           }
          ]
         }
        ]
       },
       {
        \\"filePath\\": \\"src/header.css\\",
        \\"gitPath\\": \\"packages/integration-tests-storybook/src/header.css\\",
        \\"isExternal\\": false,
        \\"isNodeModule\\": false,
        \\"request\\": \\"./header.css\\",
        \\"isCircularImport\\": false,
        \\"dependencies\\": [
         {
          \\"filePath\\": \\"src/header.css\\",
          \\"gitPath\\": \\"packages/integration-tests-storybook/src/header.css\\",
          \\"isExternal\\": false,
          \\"isNodeModule\\": false,
          \\"request\\": \\"./header.css\\",
          \\"isCircularImport\\": true
         }
        ]
       }
      ]
     }
    ]
   }
  ],
  \\"gitPath\\": \\"packages/integration-tests-storybook/src/Page.stories.js\\",
  \\"name\\": \\"Page.stories\\",
  \\"namespace\\": \\"default\\",
  \\"filePath\\": \\"src/Page.stories.js\\",
  \\"files\\": [
   \\"runtime~Page.stories.js\\",
   \\"runtime~Page.stories.js.map\\",
   \\"vendors.js\\",
   \\"vendors.js.map\\",
   \\"Page.stories.js\\",
   \\"Page.stories.js.map\\"
  ]
 }
]"
`;
