// Jest Snapshot v1, https://goo.gl/fbAQLP

exports[`run bundle command 1`] = `
"{
 \\"version\\": \\"3\\",
 \\"namespaces\\": [
  {
   \\"name\\": \\"default\\",
   \\"framework\\": {
    \\"name\\": \\"react\\",
    \\"version\\": \\"16.12.0\\"
   }
  }
 ]
}"
`;

exports[`run bundle command 2`] = `
"[
 {
  \\"name\\": \\"718ad8b72621629b68f4ea8458266766.png\\",
  \\"namespace\\": \\"default\\",
  \\"outputFilePath\\": \\"files/718ad8b72621629b68f4ea8458266766.png\\"
 },
 {
  \\"name\\": \\"vendors.js\\",
  \\"namespace\\": \\"default\\",
  \\"outputFilePath\\": \\"files/vendors.js\\"
 },
 {
  \\"name\\": \\"App.bojagi.css\\",
  \\"namespace\\": \\"default\\",
  \\"outputFilePath\\": \\"files/App.bojagi.css\\"
 },
 {
  \\"name\\": \\"App.bojagi.js\\",
  \\"namespace\\": \\"default\\",
  \\"outputFilePath\\": \\"files/App.bojagi.js\\"
 },
 {
  \\"name\\": \\"Box.bojagi.js\\",
  \\"namespace\\": \\"default\\",
  \\"outputFilePath\\": \\"files/Box.bojagi.js\\"
 },
 {
  \\"name\\": \\"BoxWithButtons.bojagi.js\\",
  \\"namespace\\": \\"default\\",
  \\"outputFilePath\\": \\"files/BoxWithButtons.bojagi.js\\"
 },
 {
  \\"name\\": \\"Button.bojagi.js\\",
  \\"namespace\\": \\"default\\",
  \\"outputFilePath\\": \\"files/Button.bojagi.js\\"
 },
 {
  \\"name\\": \\"Lazy.bojagi.js\\",
  \\"namespace\\": \\"default\\",
  \\"outputFilePath\\": \\"files/Lazy.bojagi.js\\"
 },
 {
  \\"name\\": \\"Logo.bojagi.js\\",
  \\"namespace\\": \\"default\\",
  \\"outputFilePath\\": \\"files/Logo.bojagi.js\\"
 },
 {
  \\"name\\": \\"PingPong.bojagi.js\\",
  \\"namespace\\": \\"default\\",
  \\"outputFilePath\\": \\"files/PingPong.bojagi.js\\"
 },
 {
  \\"name\\": \\"8.js\\",
  \\"namespace\\": \\"default\\",
  \\"outputFilePath\\": \\"files/8.js\\"
 },
 {
  \\"name\\": \\"./index.html\\",
  \\"namespace\\": \\"default\\",
  \\"outputFilePath\\": \\"files/index.html\\"
 }
]"
`;

exports[`run bundle command 3`] = `
"[
 {
  \\"title\\": \\"App.bojagi\\",
  \\"fileName\\": \\"App.bojagi\\",
  \\"storyItems\\": [
   {
    \\"exportName\\": \\"RenderApp\\",
    \\"storyName\\": \\"Render App\\"
   }
  ],
  \\"dependencies\\": [
   {
    \\"request\\": \\"react\\",
    \\"dependency\\": \\"react\\"
   },
   {
    \\"request\\": \\"./App\\",
    \\"dependency\\": \\"src/App.js\\"
   }
  ],
  \\"gitPath\\": \\"packages/integration-tests/src/App.bojagi.js\\",
  \\"name\\": \\"App.bojagi\\",
  \\"namespace\\": \\"default\\",
  \\"filePath\\": \\"src/App.bojagi.js\\",
  \\"files\\": [
   \\"vendors.js\\",
   \\"App.bojagi.css\\",
   \\"App.bojagi.js\\"
  ]
 },
 {
  \\"title\\": \\"Box.bojagi\\",
  \\"fileName\\": \\"Box.bojagi\\",
  \\"storyItems\\": [
   {
    \\"exportName\\": \\"yellow\\",
    \\"storyName\\": \\"Yellow\\"
   },
   {
    \\"exportName\\": \\"green\\",
    \\"storyName\\": \\"Green\\"
   },
   {
    \\"exportName\\": \\"red\\",
    \\"storyName\\": \\"Red\\"
   },
   {
    \\"exportName\\": \\"blue\\",
    \\"storyName\\": \\"Blue\\"
   },
   {
    \\"exportName\\": \\"brown\\",
    \\"storyName\\": \\"Brown\\"
   }
  ],
  \\"dependencies\\": [
   {
    \\"request\\": \\"react\\",
    \\"dependency\\": \\"react\\"
   },
   {
    \\"request\\": \\"./Box\\",
    \\"dependency\\": \\"src/components/Box.js\\"
   }
  ],
  \\"gitPath\\": \\"packages/integration-tests/src/components/Box.bojagi.js\\",
  \\"name\\": \\"Box.bojagi\\",
  \\"namespace\\": \\"default\\",
  \\"filePath\\": \\"src/components/Box.bojagi.js\\",
  \\"files\\": [
   \\"vendors.js\\",
   \\"Box.bojagi.js\\"
  ]
 },
 {
  \\"title\\": \\"Box With Buttons.bojagi\\",
  \\"fileName\\": \\"BoxWithButtons.bojagi\\",
  \\"storyItems\\": [
   {
    \\"exportName\\": \\"trafficLight\\",
    \\"storyName\\": \\"Traffic Light\\"
   }
  ],
  \\"dependencies\\": [
   {
    \\"request\\": \\"react\\",
    \\"dependency\\": \\"react\\"
   },
   {
    \\"request\\": \\"./BoxWithButtons\\",
    \\"dependency\\": \\"src/components/BoxWithButtons.js\\"
   }
  ],
  \\"gitPath\\": \\"packages/integration-tests/src/components/BoxWithButtons.bojagi.js\\",
  \\"name\\": \\"BoxWithButtons.bojagi\\",
  \\"namespace\\": \\"default\\",
  \\"filePath\\": \\"src/components/BoxWithButtons.bojagi.js\\",
  \\"files\\": [
   \\"vendors.js\\",
   \\"BoxWithButtons.bojagi.js\\"
  ]
 },
 {
  \\"title\\": \\"Button.bojagi\\",
  \\"fileName\\": \\"Button.bojagi\\",
  \\"storyItems\\": [
   {
    \\"exportName\\": \\"buttonYellow\\",
    \\"storyName\\": \\"Button Yellow\\"
   },
   {
    \\"exportName\\": \\"buttonGreen\\",
    \\"storyName\\": \\"Button Green\\"
   }
  ],
  \\"dependencies\\": [
   {
    \\"request\\": \\"react\\",
    \\"dependency\\": \\"react\\"
   },
   {
    \\"request\\": \\"./Button\\",
    \\"dependency\\": \\"src/components/Button.js\\"
   }
  ],
  \\"gitPath\\": \\"packages/integration-tests/src/components/Button.bojagi.js\\",
  \\"name\\": \\"Button.bojagi\\",
  \\"namespace\\": \\"default\\",
  \\"filePath\\": \\"src/components/Button.bojagi.js\\",
  \\"files\\": [
   \\"vendors.js\\",
   \\"Button.bojagi.js\\"
  ]
 },
 {
  \\"title\\": \\"Lazy.bojagi\\",
  \\"fileName\\": \\"Lazy.bojagi\\",
  \\"storyItems\\": [
   {
    \\"exportName\\": \\"lazy\\",
    \\"storyName\\": \\"Lazy\\"
   }
  ],
  \\"dependencies\\": [
   {
    \\"request\\": \\"react\\",
    \\"dependency\\": \\"react\\"
   },
   {
    \\"request\\": \\"./Lazy\\",
    \\"dependency\\": \\"src/components/Lazy.js\\"
   }
  ],
  \\"gitPath\\": \\"packages/integration-tests/src/components/Lazy.bojagi.js\\",
  \\"name\\": \\"Lazy.bojagi\\",
  \\"namespace\\": \\"default\\",
  \\"filePath\\": \\"src/components/Lazy.bojagi.js\\",
  \\"files\\": [
   \\"Lazy.bojagi.js\\"
  ]
 },
 {
  \\"title\\": \\"Logo.bojagi\\",
  \\"fileName\\": \\"Logo.bojagi\\",
  \\"storyItems\\": [
   {
    \\"exportName\\": \\"logo\\",
    \\"storyName\\": \\"Logo\\"
   }
  ],
  \\"dependencies\\": [
   {
    \\"request\\": \\"react\\",
    \\"dependency\\": \\"react\\"
   },
   {
    \\"request\\": \\"./Logo\\",
    \\"dependency\\": \\"src/components/Logo.js\\"
   }
  ],
  \\"gitPath\\": \\"packages/integration-tests/src/components/Logo.bojagi.js\\",
  \\"name\\": \\"Logo.bojagi\\",
  \\"namespace\\": \\"default\\",
  \\"filePath\\": \\"src/components/Logo.bojagi.js\\",
  \\"files\\": [
   \\"Logo.bojagi.js\\"
  ]
 },
 {
  \\"title\\": \\"Ping Pong.bojagi\\",
  \\"fileName\\": \\"PingPong.bojagi\\",
  \\"storyItems\\": [
   {
    \\"exportName\\": \\"PingPong\\",
    \\"storyName\\": \\"Ping Pong\\"
   },
   {
    \\"exportName\\": \\"PongPing\\",
    \\"storyName\\": \\"Pong Ping\\"
   }
  ],
  \\"dependencies\\": [
   {
    \\"request\\": \\"react\\",
    \\"dependency\\": \\"react\\"
   },
   {
    \\"request\\": \\"./Ping\\",
    \\"dependency\\": \\"src/components/Ping.js\\"
   },
   {
    \\"request\\": \\"./Pong\\",
    \\"dependency\\": \\"src/components/Pong.js\\"
   }
  ],
  \\"gitPath\\": \\"packages/integration-tests/src/components/PingPong.bojagi.js\\",
  \\"name\\": \\"PingPong.bojagi\\",
  \\"namespace\\": \\"default\\",
  \\"filePath\\": \\"src/components/PingPong.bojagi.js\\",
  \\"files\\": [
   \\"PingPong.bojagi.js\\"
  ]
 }
]"
`;

exports[`run bundle command 4`] = `
"{
 \\"src/App.bojagi.js\\": {
  \\"isExternal\\": false,
  \\"isNodeModule\\": false,
  \\"filePath\\": \\"src/App.bojagi.js\\",
  \\"gitPath\\": \\"packages/integration-tests/src/App.bojagi.js\\",
  \\"dependencies\\": [
   {
    \\"request\\": \\"react\\",
    \\"dependency\\": \\"react\\"
   },
   {
    \\"request\\": \\"./App\\",
    \\"dependency\\": \\"src/App.js\\"
   }
  ]
 },
 \\"react\\": {
  \\"isExternal\\": true,
  \\"isNodeModule\\": false,
  \\"packageName\\": \\"react\\",
  \\"dependencies\\": []
 },
 \\"src/App.js\\": {
  \\"isExternal\\": false,
  \\"isNodeModule\\": false,
  \\"filePath\\": \\"src/App.js\\",
  \\"gitPath\\": \\"packages/integration-tests/src/App.js\\",
  \\"dependencies\\": [
   {
    \\"request\\": \\"react\\",
    \\"dependency\\": \\"react\\"
   },
   {
    \\"request\\": \\"styled-components\\",
    \\"dependency\\": \\"styled-components\\"
   },
   {
    \\"request\\": \\"./components/Box\\",
    \\"dependency\\": \\"src/components/Box.js\\"
   },
   {
    \\"request\\": \\"./components/Button\\",
    \\"dependency\\": \\"src/components/Button.js\\"
   },
   {
    \\"request\\": \\"./components/BoxWithButtons\\",
    \\"dependency\\": \\"src/components/BoxWithButtons.js\\"
   },
   {
    \\"request\\": \\"./App.css\\",
    \\"dependency\\": \\"src/App.css\\"
   },
   {
    \\"request\\": \\"./components/Lazy\\",
    \\"dependency\\": \\"src/components/Lazy.js\\"
   }
  ]
 },
 \\"styled-components\\": {
  \\"isExternal\\": false,
  \\"isNodeModule\\": true,
  \\"packageName\\": \\"styled-components\\",
  \\"dependencies\\": []
 },
 \\"react-is\\": {
  \\"isExternal\\": false,
  \\"isNodeModule\\": true,
  \\"packageName\\": \\"react-is\\",
  \\"dependencies\\": []
 },
 \\"src/components/Box.js\\": {
  \\"isExternal\\": false,
  \\"isNodeModule\\": false,
  \\"filePath\\": \\"src/components/Box.js\\",
  \\"gitPath\\": \\"packages/integration-tests/src/components/Box.js\\",
  \\"dependencies\\": [
   {
    \\"request\\": \\"react\\",
    \\"dependency\\": \\"react\\"
   },
   {
    \\"request\\": \\"styled-components\\",
    \\"dependency\\": \\"styled-components\\"
   }
  ]
 },
 \\"src/components/Button.js\\": {
  \\"isExternal\\": false,
  \\"isNodeModule\\": false,
  \\"filePath\\": \\"src/components/Button.js\\",
  \\"gitPath\\": \\"packages/integration-tests/src/components/Button.js\\",
  \\"dependencies\\": [
   {
    \\"request\\": \\"react\\",
    \\"dependency\\": \\"react\\"
   },
   {
    \\"request\\": \\"styled-components\\",
    \\"dependency\\": \\"styled-components\\"
   }
  ]
 },
 \\"src/components/BoxWithButtons.js\\": {
  \\"isExternal\\": false,
  \\"isNodeModule\\": false,
  \\"filePath\\": \\"src/components/BoxWithButtons.js\\",
  \\"gitPath\\": \\"packages/integration-tests/src/components/BoxWithButtons.js\\",
  \\"dependencies\\": [
   {
    \\"request\\": \\"react\\",
    \\"dependency\\": \\"react\\"
   },
   {
    \\"request\\": \\"styled-components\\",
    \\"dependency\\": \\"styled-components\\"
   },
   {
    \\"request\\": \\"./Box\\",
    \\"dependency\\": \\"src/components/Box.js\\"
   },
   {
    \\"request\\": \\"./Button\\",
    \\"dependency\\": \\"src/components/Button.js\\"
   }
  ]
 },
 \\"src/App.css\\": {
  \\"isExternal\\": false,
  \\"isNodeModule\\": false,
  \\"filePath\\": \\"src/App.css\\",
  \\"gitPath\\": \\"packages/integration-tests/src/App.css\\",
  \\"dependencies\\": []
 },
 \\"src/components/Lazy.js\\": {
  \\"isExternal\\": false,
  \\"isNodeModule\\": false,
  \\"filePath\\": \\"src/components/Lazy.js\\",
  \\"gitPath\\": \\"packages/integration-tests/src/components/Lazy.js\\",
  \\"dependencies\\": [
   {
    \\"request\\": \\"react\\",
    \\"dependency\\": \\"react\\"
   },
   {
    \\"request\\": \\"styled-components\\",
    \\"dependency\\": \\"styled-components\\"
   }
  ]
 },
 \\"src/components/Box.bojagi.js\\": {
  \\"isExternal\\": false,
  \\"isNodeModule\\": false,
  \\"filePath\\": \\"src/components/Box.bojagi.js\\",
  \\"gitPath\\": \\"packages/integration-tests/src/components/Box.bojagi.js\\",
  \\"dependencies\\": [
   {
    \\"request\\": \\"react\\",
    \\"dependency\\": \\"react\\"
   },
   {
    \\"request\\": \\"./Box\\",
    \\"dependency\\": \\"src/components/Box.js\\"
   }
  ]
 },
 \\"src/components/BoxWithButtons.bojagi.js\\": {
  \\"isExternal\\": false,
  \\"isNodeModule\\": false,
  \\"filePath\\": \\"src/components/BoxWithButtons.bojagi.js\\",
  \\"gitPath\\": \\"packages/integration-tests/src/components/BoxWithButtons.bojagi.js\\",
  \\"dependencies\\": [
   {
    \\"request\\": \\"react\\",
    \\"dependency\\": \\"react\\"
   },
   {
    \\"request\\": \\"./BoxWithButtons\\",
    \\"dependency\\": \\"src/components/BoxWithButtons.js\\"
   }
  ]
 },
 \\"src/components/Button.bojagi.js\\": {
  \\"isExternal\\": false,
  \\"isNodeModule\\": false,
  \\"filePath\\": \\"src/components/Button.bojagi.js\\",
  \\"gitPath\\": \\"packages/integration-tests/src/components/Button.bojagi.js\\",
  \\"dependencies\\": [
   {
    \\"request\\": \\"react\\",
    \\"dependency\\": \\"react\\"
   },
   {
    \\"request\\": \\"./Button\\",
    \\"dependency\\": \\"src/components/Button.js\\"
   }
  ]
 },
 \\"src/components/Lazy.bojagi.js\\": {
  \\"isExternal\\": false,
  \\"isNodeModule\\": false,
  \\"filePath\\": \\"src/components/Lazy.bojagi.js\\",
  \\"gitPath\\": \\"packages/integration-tests/src/components/Lazy.bojagi.js\\",
  \\"dependencies\\": [
   {
    \\"request\\": \\"react\\",
    \\"dependency\\": \\"react\\"
   },
   {
    \\"request\\": \\"./Lazy\\",
    \\"dependency\\": \\"src/components/Lazy.js\\"
   }
  ]
 },
 \\"src/components/Logo.bojagi.js\\": {
  \\"isExternal\\": false,
  \\"isNodeModule\\": false,
  \\"filePath\\": \\"src/components/Logo.bojagi.js\\",
  \\"gitPath\\": \\"packages/integration-tests/src/components/Logo.bojagi.js\\",
  \\"dependencies\\": [
   {
    \\"request\\": \\"react\\",
    \\"dependency\\": \\"react\\"
   },
   {
    \\"request\\": \\"./Logo\\",
    \\"dependency\\": \\"src/components/Logo.js\\"
   }
  ]
 },
 \\"src/components/Logo.js\\": {
  \\"isExternal\\": false,
  \\"isNodeModule\\": false,
  \\"filePath\\": \\"src/components/Logo.js\\",
  \\"gitPath\\": \\"packages/integration-tests/src/components/Logo.js\\",
  \\"dependencies\\": [
   {
    \\"request\\": \\"react\\",
    \\"dependency\\": \\"react\\"
   },
   {
    \\"request\\": \\"./img/logo.png\\",
    \\"dependency\\": \\"src/components/img/logo.png\\"
   }
  ]
 },
 \\"src/components/img/logo.png\\": {
  \\"isExternal\\": false,
  \\"isNodeModule\\": false,
  \\"filePath\\": \\"src/components/img/logo.png\\",
  \\"gitPath\\": \\"packages/integration-tests/src/components/img/logo.png\\",
  \\"dependencies\\": []
 },
 \\"src/components/PingPong.bojagi.js\\": {
  \\"isExternal\\": false,
  \\"isNodeModule\\": false,
  \\"filePath\\": \\"src/components/PingPong.bojagi.js\\",
  \\"gitPath\\": \\"packages/integration-tests/src/components/PingPong.bojagi.js\\",
  \\"dependencies\\": [
   {
    \\"request\\": \\"react\\",
    \\"dependency\\": \\"react\\"
   },
   {
    \\"request\\": \\"./Ping\\",
    \\"dependency\\": \\"src/components/Ping.js\\"
   },
   {
    \\"request\\": \\"./Pong\\",
    \\"dependency\\": \\"src/components/Pong.js\\"
   }
  ]
 },
 \\"src/components/Ping.js\\": {
  \\"isExternal\\": false,
  \\"isNodeModule\\": false,
  \\"filePath\\": \\"src/components/Ping.js\\",
  \\"gitPath\\": \\"packages/integration-tests/src/components/Ping.js\\",
  \\"dependencies\\": [
   {
    \\"request\\": \\"react\\",
    \\"dependency\\": \\"react\\"
   },
   {
    \\"request\\": \\"styled-components\\",
    \\"dependency\\": \\"styled-components\\"
   },
   {
    \\"request\\": \\"./Pong\\",
    \\"dependency\\": \\"src/components/Pong.js\\"
   }
  ]
 },
 \\"src/components/Pong.js\\": {
  \\"isExternal\\": false,
  \\"isNodeModule\\": false,
  \\"filePath\\": \\"src/components/Pong.js\\",
  \\"gitPath\\": \\"packages/integration-tests/src/components/Pong.js\\",
  \\"dependencies\\": [
   {
    \\"request\\": \\"react\\",
    \\"dependency\\": \\"react\\"
   },
   {
    \\"request\\": \\"styled-components\\",
    \\"dependency\\": \\"styled-components\\"
   },
   {
    \\"request\\": \\"./Ping\\",
    \\"dependency\\": \\"src/components/Ping.js\\"
   }
  ]
 }
}"
`;
